c:\users\lenovo\desktop\midi project\midiwithgui\midiwithgui\x64\debug\vc143.pdb
c:\users\lenovo\desktop\midi project\midiwithgui\midiwithgui\x64\debug\vc143.idb
c:\users\lenovo\desktop\midi project\midiwithgui\midiwithgui\x64\debug\qrc_midiwithgui.obj
c:\users\lenovo\desktop\midi project\midiwithgui\midiwithgui\x64\debug\midiwithgui.obj
c:\users\lenovo\desktop\midi project\midiwithgui\midiwithgui\x64\debug\midifunction.obj
c:\users\lenovo\desktop\midi project\midiwithgui\midiwithgui\x64\debug\main.obj
c:\users\lenovo\desktop\midi project\midiwithgui\midiwithgui\x64\debug\moc_midiwithgui.obj
c:\users\lenovo\desktop\midi project\midiwithgui\x64\debug\midiwithgui.exe
c:\users\lenovo\desktop\midi project\midiwithgui\x64\debug\midiwithgui.pdb
c:\users\lenovo\desktop\midi project\midiwithgui\midiwithgui\x64\debug\uic\ui_midiwithgui.h
c:\users\lenovo\desktop\midi project\midiwithgui\midiwithgui\x64\debug\rcc\qrc_midiwithgui.cpp
c:\users\lenovo\desktop\midi project\midiwithgui\midiwithgui\x64\debug\moc\moc_midiwithgui.cpp
c:\users\lenovo\desktop\midi project\midiwithgui\midiwithgui\x64\debug\midiwithgui.ilk
c:\users\lenovo\desktop\midi project\midiwithgui\midiwithgui\x64\debug\midiwithgui.tlog\cl.command.1.tlog
c:\users\lenovo\desktop\midi project\midiwithgui\midiwithgui\x64\debug\midiwithgui.tlog\cl.items.tlog
c:\users\lenovo\desktop\midi project\midiwithgui\midiwithgui\x64\debug\midiwithgui.tlog\cl.read.1.tlog
c:\users\lenovo\desktop\midi project\midiwithgui\midiwithgui\x64\debug\midiwithgui.tlog\cl.write.1.tlog
c:\users\lenovo\desktop\midi project\midiwithgui\midiwithgui\x64\debug\midiwithgui.tlog\link.command.1.tlog
c:\users\lenovo\desktop\midi project\midiwithgui\midiwithgui\x64\debug\midiwithgui.tlog\link.read.1.tlog
c:\users\lenovo\desktop\midi project\midiwithgui\midiwithgui\x64\debug\midiwithgui.tlog\link.secondary.1.tlog
c:\users\lenovo\desktop\midi project\midiwithgui\midiwithgui\x64\debug\midiwithgui.tlog\link.write.1.tlog
c:\users\lenovo\desktop\midi project\midiwithgui\midiwithgui\x64\debug\midiwithgui.tlog\midiwithgui.write.1u.tlog
c:\users\lenovo\desktop\midi project\midiwithgui\midiwithgui\x64\debug\midiwithgui.tlog\moc.read.1u.tlog
c:\users\lenovo\desktop\midi project\midiwithgui\midiwithgui\x64\debug\midiwithgui.tlog\moc.write.1u.tlog
c:\users\lenovo\desktop\midi project\midiwithgui\midiwithgui\x64\debug\midiwithgui.tlog\rcc.read.1u.tlog
c:\users\lenovo\desktop\midi project\midiwithgui\midiwithgui\x64\debug\midiwithgui.tlog\rcc.write.1u.tlog
c:\users\lenovo\desktop\midi project\midiwithgui\midiwithgui\x64\debug\midiwithgui.tlog\uic.read.1u.tlog
c:\users\lenovo\desktop\midi project\midiwithgui\midiwithgui\x64\debug\midiwithgui.tlog\uic.write.1u.tlog
